// Jest Snapshot v1, https://goo.gl/fbAQLP

exports[`Pruebas en <GifItem/> Debe de hacer match con el snapshot 1`] = `
<div>
  <div
    class="card"
  >
    <img
      alt="Batman"
      src="https://thebatman.com/batman.jpg"
    />
    <p>
      Batman
    </p>
  </div>
</div>
`;
